ARD2-LPTR
ARD2-LPTR
ARD2-LPTR
ARD2-LPTR
ARD2-LPTR
ARD2-LPTR
ARD2-LPTR
ARD2-LPTR
ARD2-LPTR
ARD2-LPTR
ARD2-LPTR
DAV2-LPTR
DAV2-LPTR
DAV2-LPTR
DAV2-LPTR
DAV2-LPTR
DAV2-LPTR
DAV2-LPTR
DAV2-LPTR
DAV2-LPTR
DAV2-LPTR
DAV2-LPTR
ETH2-LPTR
ETH2-LPTR
ETH2-LPTR
ETH2-LPTR
ETH2-LPTR
ETH2-LPTR
ETH2-LPTR
ETH2-LPTR
ETH2-LPTR
ETH2-LPTR
ETH2-LPTR
KALT-LPTR
KALT-LPTR
KALT-LPTR
KALT-LPTR
KALT-LPTR
KALT-LPTR
KALT-LPTR
KALT-LPTR
KALT-LPTR
KALT-LPTR
KALT-LPTR
FALE-LPTR
FALE-LPTR
FALE-LPTR
FALE-LPTR
FALE-LPTR
FALE-LPTR
FALE-LPTR
FALE-LPTR
FALE-LPTR
FALE-LPTR
FALE-LPTR
FHBB-LPTR
FHBB-LPTR
FHBB-LPTR
FHBB-LPTR
FHBB-LPTR
FHBB-LPTR
FHBB-LPTR
FHBB-LPTR
FHBB-LPTR
FHBB-LPTR
FHBB-LPTR
LUZE-LPTR
LUZE-LPTR
LUZE-LPTR
LUZE-LPTR
LUZE-LPTR
LUZE-LPTR
LUZE-LPTR
LUZE-LPTR
LUZE-LPTR
LUZE-LPTR
LUZE-LPTR
STGA-LPTR
STGA-LPTR
STGA-LPTR
STGA-LPTR
STGA-LPTR
STGA-LPTR
STGA-LPTR
STGA-LPTR
STGA-LPTR
STGA-LPTR
STGA-LPTR
LIND-LPTR
LIND-LPTR
LIND-LPTR
LIND-LPTR
LIND-LPTR
LIND-LPTR
LIND-LPTR
LIND-LPTR
LIND-LPTR
LIND-LPTR
LIND-LPTR
AIGE-LPTR
AIGE-LPTR
AIGE-LPTR
AIGE-LPTR
AIGE-LPTR
AIGE-LPTR
AIGE-LPTR
AIGE-LPTR
AIGE-LPTR
AIGE-LPTR
AIGE-LPTR
BOU2-LPTR
BOU2-LPTR
BOU2-LPTR
BOU2-LPTR
BOU2-LPTR
BOU2-LPTR
BOU2-LPTR
BOU2-LPTR
BOU2-LPTR
BOU2-LPTR
BOU2-LPTR
EPFL-LPTR
EPFL-LPTR
EPFL-LPTR
EPFL-LPTR
EPFL-LPTR
EPFL-LPTR
EPFL-LPTR
